// Vitest Snapshot v1, https://vitest.dev/guide/snapshot.html

exports[`loadFile Integration Tests > Text Handling (.txt, .csv, .md, etc.) > should load content from a test.csv file using filePath 1`] = `
{
  "content": "ID,Name,Value
1,Alpha,100
2,Beta,200
3,Gamma,300
",
  "createdTime": 2025-04-20T03:38:24.640Z,
  "fileType": "csv",
  "filename": "test.csv",
  "metadata": {
    "loaderSpecific": undefined,
  },
  "modifiedTime": 2025-04-20T03:38:24.639Z,
  "pages": [
    {
      "charCount": 49,
      "lineCount": 5,
      "metadata": {
        "lineNumberEnd": 5,
        "lineNumberStart": 1,
      },
      "pageContent": "ID,Name,Value
1,Alpha,100
2,Beta,200
3,Gamma,300
",
    },
  ],
  "totalCharCount": 49,
  "totalLineCount": 5,
}
`;

exports[`loadFile Integration Tests > Text Handling (.txt, .csv, .md, etc.) > should load content from a test.md file using filePath 1`] = `
{
  "content": "# Markdown Test

This is a test.
",
  "createdTime": 2025-04-20T03:38:24.642Z,
  "fileType": "md",
  "filename": "test.md",
  "metadata": {
    "loaderSpecific": undefined,
  },
  "modifiedTime": 2025-04-20T03:38:24.642Z,
  "pages": [
    {
      "charCount": 33,
      "lineCount": 4,
      "metadata": {
        "lineNumberEnd": 4,
        "lineNumberStart": 1,
      },
      "pageContent": "# Markdown Test

This is a test.
",
    },
  ],
  "totalCharCount": 33,
  "totalLineCount": 4,
}
`;

exports[`loadFile Integration Tests > Text Handling (.txt, .csv, .md, etc.) > should load content from a test.txt file using filePath 1`] = `
{
  "content": "This is line 1.
This is line 2.
End of text file.
",
  "createdTime": 2025-04-20T03:38:24.645Z,
  "fileType": "txt",
  "filename": "test.txt",
  "metadata": {
    "loaderSpecific": undefined,
  },
  "modifiedTime": 2025-04-20T03:38:24.645Z,
  "pages": [
    {
      "charCount": 50,
      "lineCount": 4,
      "metadata": {
        "lineNumberEnd": 4,
        "lineNumberStart": 1,
      },
      "pageContent": "This is line 1.
This is line 2.
End of text file.
",
    },
  ],
  "totalCharCount": 50,
  "totalLineCount": 4,
}
`;
